// Jest Snapshot v1, https://goo.gl/fbAQLP

exports[`App renders correctly 1`] = `
<div
  className="app"
>
  <div>
    <h1>
      Posts Page
    </h1>
    <input
      className="input-filterPosts"
      onChange={[Function]}
      placeholder="Please select between 1 and 10"
      value=""
    />
  </div>
  <div
    className="app-body"
  >
    <div
      className="all-posts"
    >
      <h2>
        All posts
      </h2>
    </div>
    <div
      className="my-posts"
    >
      <h2>
        My posts
      </h2>
    </div>
  </div>
</div>
`;
