// Jest Snapshot v1, https://goo.gl/fbAQLP

exports[`SubTitle renders correctly 1`] = `
<div
  className="subTitle"
>
  <h2 />
  <div
    className="btn-showPosts down"
  />
</div>
`;
